2026-01-13 18:00:24.201 [INFO] module4_Activity6.M4Activity6 - Deposit requested: ₱5000.0
2026-01-13 18:00:24.207 [INFO] module4_Activity6.M4Activity6 - Deposit completed: ₱5000.0, New balance: ₱15000.0
2026-01-13 18:00:24.209 [INFO] module4_Activity6.M4Activity6 - Withdrawal requested: ₱3000.0
2026-01-13 18:00:24.210 [INFO] module4_Activity6.M4Activity6 - Withdrawal completed: ₱3000.0, New balance: ₱12000.0
2026-01-13 18:00:24.211 [INFO] module4_Activity6.M4Activity6 - Deposit requested: ₱-500.0
2026-01-13 18:00:24.212 [ERROR] module4_Activity6.M4Activity6 - Invalid deposit amount: ₱-500.0
2026-01-13 18:00:24.212 [ERROR] module4_Activity6.M4Activity6 - Deposit failed: Deposit amount must be positive
module4_Activity6.M4Activity6$InvalidAmountException: Deposit amount must be positive
	at HelloWorld/module4_Activity6.M4Activity6$BankAccount.deposit(M4Activity6.java:76)
	at HelloWorld/module4_Activity6.M4Activity6.lambda$2(M4Activity6.java:117)
	at HelloWorld/module4_Activity6.M4Activity6$BankAccount.runTest(M4Activity6.java:92)
	at HelloWorld/module4_Activity6.M4Activity6.main(M4Activity6.java:117)
2026-01-13 18:00:24.222 [INFO] module4_Activity6.M4Activity6 - Withdrawal requested: ₱20000.0
2026-01-13 18:00:24.223 [WARN] module4_Activity6.M4Activity6 - Insufficient funds: ₱12000.0 available
2026-01-13 18:00:24.223 [ERROR] module4_Activity6.M4Activity6 - Withdrawal failed: Insufficient funds for withdrawal
module4_Activity6.M4Activity6$InsufficientFundsException: Insufficient funds for withdrawal
	at HelloWorld/module4_Activity6.M4Activity6$BankAccount.withdraw(M4Activity6.java:64)
	at HelloWorld/module4_Activity6.M4Activity6.lambda$3(M4Activity6.java:120)
	at HelloWorld/module4_Activity6.M4Activity6$BankAccount.runTest(M4Activity6.java:92)
	at HelloWorld/module4_Activity6.M4Activity6.main(M4Activity6.java:120)
2026-01-13 18:00:24.224 [INFO] module4_Activity6.M4Activity6 - Deposit requested: ₱60000.0
2026-01-13 18:00:24.224 [WARN] module4_Activity6.M4Activity6 - Large deposit: ₱60000.0 — requires verification
2026-01-13 18:00:24.224 [INFO] module4_Activity6.M4Activity6 - Deposit completed: ₱60000.0, New balance: ₱72000.0
