2026-01-27 15:37:04.679 [INFO] module4_Activity6.M4Activity6 - Deposit requested: ₱5000.0
2026-01-27 15:37:04.687 [INFO] module4_Activity6.M4Activity6 - Deposit completed: ₱5000.0, New balance: ₱15000.0
2026-01-27 15:37:04.687 [INFO] module4_Activity6.M4Activity6 - Withdrawal requested: ₱3000.0
2026-01-27 15:37:04.689 [INFO] module4_Activity6.M4Activity6 - Withdrawal completed: ₱3000.0, New balance: ₱12000.0
2026-01-27 15:37:04.691 [INFO] module4_Activity6.M4Activity6 - Deposit requested: ₱-500.0
2026-01-27 15:37:04.692 [ERROR] module4_Activity6.M4Activity6 - Invalid deposit amount: ₱-500.0
2026-01-27 15:37:04.692 [ERROR] module4_Activity6.M4Activity6 - Deposit failed: Deposit amount must be positive
module4_Activity6.M4Activity6$InvalidAmountException: Deposit amount must be positive
	at HelloWorld/module4_Activity6.M4Activity6$BankAccount.deposit(M4Activity6.java:70)
	at HelloWorld/module4_Activity6.M4Activity6.lambda$2(M4Activity6.java:100)
	at HelloWorld/module4_Activity6.M4Activity6$BankAccount.runTest(M4Activity6.java:84)
	at HelloWorld/module4_Activity6.M4Activity6.main(M4Activity6.java:100)
2026-01-27 15:37:04.702 [INFO] module4_Activity6.M4Activity6 - Withdrawal requested: ₱20000.0
2026-01-27 15:37:04.702 [WARN] module4_Activity6.M4Activity6 - Insufficient funds: ₱12000.0 available
2026-01-27 15:37:04.703 [ERROR] module4_Activity6.M4Activity6 - Withdrawal failed: Insufficient funds for withdrawal
module4_Activity6.M4Activity6$InsufficientFundsException: Insufficient funds for withdrawal
	at HelloWorld/module4_Activity6.M4Activity6$BankAccount.withdraw(M4Activity6.java:57)
	at HelloWorld/module4_Activity6.M4Activity6.lambda$3(M4Activity6.java:101)
	at HelloWorld/module4_Activity6.M4Activity6$BankAccount.runTest(M4Activity6.java:84)
	at HelloWorld/module4_Activity6.M4Activity6.main(M4Activity6.java:101)
2026-01-27 15:37:04.703 [INFO] module4_Activity6.M4Activity6 - Deposit requested: ₱60000.0
2026-01-27 15:37:04.703 [WARN] module4_Activity6.M4Activity6 - Large deposit: ₱60000.0 — requires verification
2026-01-27 15:37:04.703 [INFO] module4_Activity6.M4Activity6 - Deposit completed: ₱60000.0, New balance: ₱72000.0
